// Jest Snapshot v1, https://goo.gl/fbAQLP

exports[`Testing on GifApp should match snapshot 1`] = `
<div>
  <h1>
    GifApp
  </h1>
  <form
    aria-label="form"
  >
    <input
      placeholder="Search Gifs"
      type="text"
      value=""
    />
  </form>
  <ol />
</div>
`;
