// Jest Snapshot v1, https://goo.gl/fbAQLP

exports[`Testing on FirstApp component should match the snapshot 1`] = `
<div>
  <h1
    data-testid="test-title"
  >
    Hey, I am Robb
  </h1>
  <p>
    There is no subtitle
  </p>
  <p>
    There is no subtitle
  </p>
  <p>
     
    There is no name
     
  </p>
</div>
`;
